// Jest Snapshot v1, https://goo.gl/fbAQLP

exports[`Checking App snapshot 1`] = `
<div
  style="height: 50px;"
>
  HR App
</div>
`;
